// Jest Snapshot v1, https://goo.gl/fbAQLP

exports[`auth.middleware authenticate returns UNAUTHORIZED on no user 1`] = `
Object {
  "message": "User not signed in.",
}
`;
